// Vitest Snapshot v1, https://vitest.dev/guide/snapshot.html

exports[`CryptoDetails Component > should match the snapshot 1`] = `
<DocumentFragment>
  <div
    class="d-flex justify-content-center"
  >
    <div
      class="spinner-border"
      role="status"
    >
      <span
        class="visually-hidden"
      >
        Loading...
      </span>
    </div>
  </div>
</DocumentFragment>
`;
