// Vitest Snapshot v1, https://vitest.dev/guide/snapshot.html

exports[`Header Component > should match the snapshot 1`] = `
<DocumentFragment>
  <div
    class="header sticky-top"
  >
    <nav
      class="navbar navbar-expand-lg"
      id="navbar"
    >
      <div
        class="container-fluid"
        id="container"
      >
        <nav
          class="navbar"
        >
          <div
            class="container"
          >
            <div
              class="navbar-brand"
            >
              <img
                height="50"
                src="./src/components/images/SheCoin.png"
                style="padding: 0px; margin: 0px;"
                width="130"
              />
            </div>
          </div>
        </nav>
        <button
          aria-controls="navbarNav"
          aria-expanded="false"
          aria-label="Toggle navigation"
          class="navbar-toggler"
          data-bs-target="#navbarNav"
          data-bs-toggle="collapse"
          type="button"
        >
          <span
            class="navbar-toggler-icon"
          />
        </button>
        <div
          class="collapse navbar-collapse"
          id="navbarNav"
        >
          <ul
            class="navbar-nav"
          >
            <li
              class="nav-item"
            >
              <a
                class="nav-link"
                href="/home"
                id="homeLink"
              >
                Home
              </a>
            </li>
            <li
              class="nav-item"
            >
              <button
                class="btn btn-primary"
                id="login"
                type="submit"
              >
                <a
                  href="/login"
                  id="loginLink"
                >
                  Login
                </a>
              </button>
            </li>
            <li
              class="nav-item"
            />
          </ul>
        </div>
      </div>
    </nav>
  </div>
  <div
    class="toast-container position-fixed top-0 end-0 p-3"
    id="toastContainer"
  >
    <div
      aria-atomic="true"
      aria-live="assertive"
      class="toast"
      id="toastTrigger"
      role="alert"
      style="background-color: rgb(127, 124, 175); color: white;"
    >
      <div
        class="toast-header"
        style="background-color: rgb(127, 124, 175); color: white;"
      >
        <strong
          class="me-auto"
        >
          Logout
        </strong>
        <button
          aria-label="Close"
          class="btn-close"
          data-bs-dismiss="toast"
          type="button"
        />
      </div>
      <div
        class="toast-body"
      >
        You have been logged out successfully.
      </div>
    </div>
  </div>
</DocumentFragment>
`;
